Archive member included to satisfy reference by file (symbol)

/opt/gcc-arm-none-eabi-7-2018-q2-update-linux/gcc-arm-none-eabi-7-2018-q2-update/bin/../lib/gcc/arm-none-eabi/7.3.1/../../../../arm-none-eabi/lib/thumb/v7-m/libg.a(lib_a-exit.o)
                              /opt/gcc-arm-none-eabi-7-2018-q2-update-linux/gcc-arm-none-eabi-7-2018-q2-update/bin/../lib/gcc/arm-none-eabi/7.3.1/../../../../arm-none-eabi/lib/thumb/v7-m/crt0.o (exit)
/opt/gcc-arm-none-eabi-7-2018-q2-update-linux/gcc-arm-none-eabi-7-2018-q2-update/bin/../lib/gcc/arm-none-eabi/7.3.1/../../../../arm-none-eabi/lib/thumb/v7-m/libg.a(lib_a-impure.o)
                              /opt/gcc-arm-none-eabi-7-2018-q2-update-linux/gcc-arm-none-eabi-7-2018-q2-update/bin/../lib/gcc/arm-none-eabi/7.3.1/../../../../arm-none-eabi/lib/thumb/v7-m/libg.a(lib_a-exit.o) (_global_impure_ptr)
/opt/gcc-arm-none-eabi-7-2018-q2-update-linux/gcc-arm-none-eabi-7-2018-q2-update/bin/../lib/gcc/arm-none-eabi/7.3.1/../../../../arm-none-eabi/lib/thumb/v7-m/libg.a(lib_a-init.o)
                              /opt/gcc-arm-none-eabi-7-2018-q2-update-linux/gcc-arm-none-eabi-7-2018-q2-update/bin/../lib/gcc/arm-none-eabi/7.3.1/../../../../arm-none-eabi/lib/thumb/v7-m/crt0.o (__libc_init_array)
/opt/gcc-arm-none-eabi-7-2018-q2-update-linux/gcc-arm-none-eabi-7-2018-q2-update/bin/../lib/gcc/arm-none-eabi/7.3.1/../../../../arm-none-eabi/lib/thumb/v7-m/libg.a(lib_a-memset.o)
                              /opt/gcc-arm-none-eabi-7-2018-q2-update-linux/gcc-arm-none-eabi-7-2018-q2-update/bin/../lib/gcc/arm-none-eabi/7.3.1/../../../../arm-none-eabi/lib/thumb/v7-m/crt0.o (memset)
/opt/gcc-arm-none-eabi-7-2018-q2-update-linux/gcc-arm-none-eabi-7-2018-q2-update/bin/../lib/gcc/arm-none-eabi/7.3.1/../../../../arm-none-eabi/lib/thumb/v7-m/libg.a(lib_a-__call_atexit.o)
                              /opt/gcc-arm-none-eabi-7-2018-q2-update-linux/gcc-arm-none-eabi-7-2018-q2-update/bin/../lib/gcc/arm-none-eabi/7.3.1/../../../../arm-none-eabi/lib/thumb/v7-m/libg.a(lib_a-exit.o) (__call_exitprocs)
/opt/gcc-arm-none-eabi-7-2018-q2-update-linux/gcc-arm-none-eabi-7-2018-q2-update/bin/../lib/gcc/arm-none-eabi/7.3.1/../../../../arm-none-eabi/lib/thumb/v7-m/libg.a(lib_a-atexit.o)
                              /opt/gcc-arm-none-eabi-7-2018-q2-update-linux/gcc-arm-none-eabi-7-2018-q2-update/bin/../lib/gcc/arm-none-eabi/7.3.1/../../../../arm-none-eabi/lib/thumb/v7-m/libg.a(lib_a-__call_atexit.o) (atexit)
/opt/gcc-arm-none-eabi-7-2018-q2-update-linux/gcc-arm-none-eabi-7-2018-q2-update/bin/../lib/gcc/arm-none-eabi/7.3.1/../../../../arm-none-eabi/lib/thumb/v7-m/libg.a(lib_a-fini.o)
                              /opt/gcc-arm-none-eabi-7-2018-q2-update-linux/gcc-arm-none-eabi-7-2018-q2-update/bin/../lib/gcc/arm-none-eabi/7.3.1/../../../../arm-none-eabi/lib/thumb/v7-m/libg.a(lib_a-__call_atexit.o) (__libc_fini_array)
/opt/gcc-arm-none-eabi-7-2018-q2-update-linux/gcc-arm-none-eabi-7-2018-q2-update/bin/../lib/gcc/arm-none-eabi/7.3.1/../../../../arm-none-eabi/lib/thumb/v7-m/libg.a(lib_a-lock.o)
                              /opt/gcc-arm-none-eabi-7-2018-q2-update-linux/gcc-arm-none-eabi-7-2018-q2-update/bin/../lib/gcc/arm-none-eabi/7.3.1/../../../../arm-none-eabi/lib/thumb/v7-m/libg.a(lib_a-__call_atexit.o) (__retarget_lock_acquire_recursive)
/opt/gcc-arm-none-eabi-7-2018-q2-update-linux/gcc-arm-none-eabi-7-2018-q2-update/bin/../lib/gcc/arm-none-eabi/7.3.1/../../../../arm-none-eabi/lib/thumb/v7-m/libg.a(lib_a-__atexit.o)
                              /opt/gcc-arm-none-eabi-7-2018-q2-update-linux/gcc-arm-none-eabi-7-2018-q2-update/bin/../lib/gcc/arm-none-eabi/7.3.1/../../../../arm-none-eabi/lib/thumb/v7-m/libg.a(lib_a-atexit.o) (__register_exitproc)

Allocating common symbols
Common symbol       size              file

__lock___atexit_recursive_mutex
                    0x1               /opt/gcc-arm-none-eabi-7-2018-q2-update-linux/gcc-arm-none-eabi-7-2018-q2-update/bin/../lib/gcc/arm-none-eabi/7.3.1/../../../../arm-none-eabi/lib/thumb/v7-m/libg.a(lib_a-lock.o)
__lock___arc4random_mutex
                    0x1               /opt/gcc-arm-none-eabi-7-2018-q2-update-linux/gcc-arm-none-eabi-7-2018-q2-update/bin/../lib/gcc/arm-none-eabi/7.3.1/../../../../arm-none-eabi/lib/thumb/v7-m/libg.a(lib_a-lock.o)
__lock___env_recursive_mutex
                    0x1               /opt/gcc-arm-none-eabi-7-2018-q2-update-linux/gcc-arm-none-eabi-7-2018-q2-update/bin/../lib/gcc/arm-none-eabi/7.3.1/../../../../arm-none-eabi/lib/thumb/v7-m/libg.a(lib_a-lock.o)
__lock___sinit_recursive_mutex
                    0x1               /opt/gcc-arm-none-eabi-7-2018-q2-update-linux/gcc-arm-none-eabi-7-2018-q2-update/bin/../lib/gcc/arm-none-eabi/7.3.1/../../../../arm-none-eabi/lib/thumb/v7-m/libg.a(lib_a-lock.o)
__lock___malloc_recursive_mutex
[...]
Memory Configuration

Name             Origin             Length             Attributes
FLASH            0x0000000008000000 0x0000000000010000 xr
RAM              0x0000000020000000 0x0000000000005000 xrw
MEMORY_B1        0x0000000060000000 0x0000000000000000 xr
*default*        0x0000000000000000 0xffffffffffffffff

Linker script and memory map

LOAD /opt/gcc-arm-none-eabi-7-2018-q2-update-linux/gcc-arm-none-eabi-7-2018-q2-update/bin/../lib/gcc/arm-none-eabi/7.3.1/thumb/v7-m/crti.o
LOAD /opt/gcc-arm-none-eabi-7-2018-q2-update-linux/gcc-arm-none-eabi-7-2018-q2-update/bin/../lib/gcc/arm-none-eabi/7.3.1/thumb/v7-m/crtbegin.o
LOAD /opt/gcc-arm-none-eabi-7-2018-q2-update-linux/gcc-arm-none-eabi-7-2018-q2-update/bin/../lib/gcc/arm-none-eabi/7.3.1/../../../../arm-none-eabi/lib/thumb/v7-m/crt0.o
LOAD ./user/main.o
LOAD ./user/stm32f10x_it.o
LOAD ./startup/startup_stm32f10x_hd.o
LOAD ./libraries/src/misc.o
LOAD ./libraries/src/stm32f10x_adc.o
LOAD ./libraries/src/stm32f10x_bkp.o
LOAD ./libraries/src/stm32f10x_can.o
LOAD ./libraries/src/stm32f10x_cec.o
LOAD ./libraries/src/stm32f10x_crc.o
LOAD ./libraries/src/stm32f10x_dac.o
LOAD ./libraries/src/stm32f10x_dbgmcu.o
LOAD ./libraries/src/stm32f10x_dma.o
LOAD ./libraries/src/stm32f10x_exti.o
LOAD ./libraries/src/stm32f10x_flash.o
LOAD ./libraries/src/stm32f10x_fsmc.o
LOAD ./libraries/src/stm32f10x_gpio.o
LOAD ./libraries/src/stm32f10x_i2c.o
LOAD ./libraries/src/stm32f10x_iwdg.o
LOAD ./libraries/src/stm32f10x_pwr.o
LOAD ./libraries/src/stm32f10x_rcc.o
LOAD ./libraries/src/stm32f10x_rtc.o
LOAD ./libraries/src/stm32f10x_sdio.o
LOAD ./libraries/src/stm32f10x_spi.o
LOAD ./libraries/src/stm32f10x_tim.o
LOAD ./libraries/src/stm32f10x_usart.o
LOAD ./libraries/src/stm32f10x_wwdg.o
LOAD ./cmsis/core_cm3.o
LOAD ./cmsis/system_stm32f10x.o
LOAD ./bsp/src/common.o
LOAD ./bsp/src/delay.o
LOAD ./bsp/src/gpio.o
LOAD ./bsp/src/rcc.o
LOAD ./bsp/src/usart1.o
START GROUP
LOAD /opt/gcc-arm-none-eabi-7-2018-q2-update-linux/gcc-arm-none-eabi-7-2018-q2-update/bin/../lib/gcc/arm-none-eabi/7.3.1/thumb/v7-m/libgcc.a
LOAD /opt/gcc-arm-none-eabi-7-2018-q2-update-linux/gcc-arm-none-eabi-7-2018-q2-update/bin/../lib/gcc/arm-none-eabi/7.3.1/../../../../arm-none-eabi/lib/thumb/v7-m/libg.a
LOAD /opt/gcc-arm-none-eabi-7-2018-q2-update-linux/gcc-arm-none-eabi-7-2018-q2-update/bin/../lib/gcc/arm-none-eabi/7.3.1/../../../../arm-none-eabi/lib/thumb/v7-m/libc.a
END GROUP
LOAD /opt/gcc-arm-none-eabi-7-2018-q2-update-linux/gcc-arm-none-eabi-7-2018-q2-update/bin/../lib/gcc/arm-none-eabi/7.3.1/thumb/v7-m/crtend.o
LOAD /opt/gcc-arm-none-eabi-7-2018-q2-update-linux/gcc-arm-none-eabi-7-2018-q2-update/bin/../lib/gcc/arm-none-eabi/7.3.1/thumb/v7-m/crtn.o
                0x0000000020005000                _estack = 0x20005000
                0x0000000000000000                _Min_Heap_Size = 0x0
                0x0000000000000100                _Min_Stack_Size = 0x100

.isr_vector     0x0000000008000000      0x1e4
                0x0000000008000000                . = ALIGN (0x4)
 *(.isr_vector)
 .isr_vector    0x0000000008000000      0x1e4 ./startup/startup_stm32f10x_hd.o
                0x0000000008000000                g_pfnVectors
                0x00000000080001e4                . = ALIGN (0x4)

.text           0x00000000080001e4      0xa2c
                0x00000000080001e4                . = ALIGN (0x4)
 *(.text)
 .text          0x00000000080001e4       0x40 /opt/gcc-arm-none-eabi-7-2018-q2-update-linux/gcc-arm-none-eabi-7-2018-q2-update/bin/../lib/gcc/arm-none-eabi/7.3.1/thumb/v7-m/crtbegin.o
 *(.text*)
 .text.main     0x0000000008000224       0x3c ./user/main.o
                0x0000000008000224                main
 .text.NMI_Handler
                0x0000000008000260        0xc ./user/stm32f10x_it.o
                0x0000000008000260                NMI_Handler
 .text.HardFault_Handler
                0x000000000800026c        0x6 ./user/stm32f10x_it.o
                0x000000000800026c                HardFault_Handler
 .text.MemManage_Handler
                0x0000000008000272        0x6 ./user/stm32f10x_it.o
                0x0000000008000272                MemManage_Handler
 .text.BusFault_Handler
                0x0000000008000278        0x6 ./user/stm32f10x_it.o
                0x0000000008000278                BusFault_Handler
 .text.UsageFault_Handler
                0x000000000800027e        0x6 ./user/stm32f10x_it.o
                0x000000000800027e                UsageFault_Handler
 .text.SVC_Handler
                0x0000000008000284        0xc ./user/stm32f10x_it.o
                0x0000000008000284                SVC_Handler
 .text.DebugMon_Handler
                0x0000000008000290        0xc ./user/stm32f10x_it.o
                0x0000000008000290                DebugMon_Handler
 .text.PendSV_Handler
                0x000000000800029c        0xc ./user/stm32f10x_it.o
                0x000000000800029c                PendSV_Handler
 .text.SysTick_Handler
                0x00000000080002a8        0xc ./user/stm32f10x_it.o
                0x00000000080002a8                SysTick_Handler
 .text.Reset_Handler
                0x00000000080002b4       0x48 ./startup/startup_stm32f10x_hd.o
                0x00000000080002b4                Reset_Handler
 .text.Default_Handler
                0x00000000080002fc        0x2 ./startup/startup_stm32f10x_hd.o
                0x00000000080002fc                EXTI2_IRQHandler
                0x00000000080002fc                TIM8_TRG_COM_IRQHandler
                0x00000000080002fc                TIM8_CC_IRQHandler
                0x00000000080002fc                TIM1_CC_IRQHandler
                0x00000000080002fc                TIM6_IRQHandler
                0x00000000080002fc                PVD_IRQHandler
                0x00000000080002fc                SDIO_IRQHandler
                0x00000000080002fc                EXTI3_IRQHandler
                0x00000000080002fc                EXTI0_IRQHandler
                0x00000000080002fc                I2C2_EV_IRQHandler
                0x00000000080002fc                ADC1_2_IRQHandler
                0x00000000080002fc                SPI1_IRQHandler
                0x00000000080002fc                TAMPER_IRQHandler
                0x00000000080002fc                TIM8_UP_IRQHandler
                0x00000000080002fc                DMA2_Channel2_IRQHandler
                0x00000000080002fc                DMA1_Channel4_IRQHandler
                0x00000000080002fc                USART3_IRQHandler
                0x00000000080002fc                RTC_IRQHandler
                0x00000000080002fc                DMA1_Channel7_IRQHandler
                0x00000000080002fc                CAN1_RX1_IRQHandler
                0x00000000080002fc                UART5_IRQHandler
                0x00000000080002fc                ADC3_IRQHandler
                0x00000000080002fc                TIM4_IRQHandler
                0x00000000080002fc                DMA2_Channel1_IRQHandler
                0x00000000080002fc                I2C1_EV_IRQHandler
                0x00000000080002fc                DMA1_Channel6_IRQHandler
                0x00000000080002fc                UART4_IRQHandler
                0x00000000080002fc                TIM3_IRQHandler
                0x00000000080002fc                RCC_IRQHandler
                0x00000000080002fc                TIM1_TRG_COM_IRQHandler
                0x00000000080002fc                DMA1_Channel1_IRQHandler
                0x00000000080002fc                Default_Handler
                0x00000000080002fc                EXTI15_10_IRQHandler
                0x00000000080002fc                TIM7_IRQHandler
                0x00000000080002fc                TIM5_IRQHandler
                0x00000000080002fc                EXTI9_5_IRQHandler
                0x00000000080002fc                SPI2_IRQHandler
                0x00000000080002fc                DMA1_Channel5_IRQHandler
                0x00000000080002fc                EXTI4_IRQHandler
                0x00000000080002fc                USB_LP_CAN1_RX0_IRQHandler
                0x00000000080002fc                USB_HP_CAN1_TX_IRQHandler
                0x00000000080002fc                DMA1_Channel3_IRQHandler
                0x00000000080002fc                FSMC_IRQHandler
                0x00000000080002fc                TIM1_UP_IRQHandler
                0x00000000080002fc                WWDG_IRQHandler
                0x00000000080002fc                TIM2_IRQHandler
                0x00000000080002fc                TIM1_BRK_IRQHandler
                0x00000000080002fc                EXTI1_IRQHandler
                0x00000000080002fc                RTCAlarm_IRQHandler
                0x00000000080002fc                DMA2_Channel4_5_IRQHandler
                0x00000000080002fc                USART2_IRQHandler
                0x00000000080002fc                I2C2_ER_IRQHandler
                0x00000000080002fc                DMA1_Channel2_IRQHandler
                0x00000000080002fc                TIM8_BRK_IRQHandler
                0x00000000080002fc                CAN1_SCE_IRQHandler
                0x00000000080002fc                FLASH_IRQHandler
                0x00000000080002fc                USART1_IRQHandler
                0x00000000080002fc                SPI3_IRQHandler
                0x00000000080002fc                I2C1_ER_IRQHandler
                0x00000000080002fc                USBWakeUp_IRQHandler
                0x00000000080002fc                DMA2_Channel3_IRQHandler
 *fill*         0x00000000080002fe        0x2 
 .text.FLASH_SetLatency
                0x0000000008000300       0x38 ./libraries/src/stm32f10x_flash.o
                0x0000000008000300                FLASH_SetLatency
 .text.FLASH_PrefetchBufferCmd
                0x0000000008000338       0x30 ./libraries/src/stm32f10x_flash.o
                0x0000000008000338                FLASH_PrefetchBufferCmd
 .text.GPIO_Init
                0x0000000008000368      0x178 ./libraries/src/stm32f10x_gpio.o
                0x0000000008000368                GPIO_Init
 .text.GPIO_WriteBit
                0x00000000080004e0       0x2e ./libraries/src/stm32f10x_gpio.o
                0x00000000080004e0                GPIO_WriteBit
 *fill*         0x000000000800050e        0x2 
 .text.RCC_DeInit
                0x0000000008000510       0x5c ./libraries/src/stm32f10x_rcc.o
                0x0000000008000510                RCC_DeInit
 .text.RCC_HSEConfig
                0x000000000800056c       0x5c ./libraries/src/stm32f10x_rcc.o
                0x000000000800056c                RCC_HSEConfig
 .text.RCC_PLLConfig
                0x00000000080005c8       0x3c ./libraries/src/stm32f10x_rcc.o
                0x00000000080005c8                RCC_PLLConfig
 .text.RCC_PLLCmd
                0x0000000008000604       0x20 ./libraries/src/stm32f10x_rcc.o
                0x0000000008000604                RCC_PLLCmd
 .text.RCC_SYSCLKConfig
                0x0000000008000624       0x38 ./libraries/src/stm32f10x_rcc.o
                0x0000000008000624                RCC_SYSCLKConfig
 .text.RCC_GetSYSCLKSource
                0x000000000800065c       0x1c ./libraries/src/stm32f10x_rcc.o
                0x000000000800065c                RCC_GetSYSCLKSource
 .text.RCC_HCLKConfig
                0x0000000008000678       0x38 ./libraries/src/stm32f10x_rcc.o
                0x0000000008000678                RCC_HCLKConfig
 .text.RCC_PCLK1Config
                0x00000000080006b0       0x38 ./libraries/src/stm32f10x_rcc.o
                0x00000000080006b0                RCC_PCLK1Config
 .text.RCC_PCLK2Config
                0x00000000080006e8       0x38 ./libraries/src/stm32f10x_rcc.o
                0x00000000080006e8                RCC_PCLK2Config
 .text.RCC_APB2PeriphClockCmd
                0x0000000008000720       0x3c ./libraries/src/stm32f10x_rcc.o
                0x0000000008000720                RCC_APB2PeriphClockCmd
 .text.RCC_GetFlagStatus
                0x000000000800075c       0x74 ./libraries/src/stm32f10x_rcc.o
                0x000000000800075c                RCC_GetFlagStatus
 .text.SystemInit
                0x00000000080007d0       0x68 ./cmsis/system_stm32f10x.o
                0x00000000080007d0                SystemInit
 .text.SetSysClock
                0x0000000008000838        0xc ./cmsis/system_stm32f10x.o
 .text.SetSysClockTo72
                0x0000000008000844      0x100 ./cmsis/system_stm32f10x.o
 .text.delay_ms
                0x0000000008000944       0x58 ./bsp/src/delay.o
                0x0000000008000944                delay_ms
 .text.gpio_configure
                0x000000000800099c       0x68 ./bsp/src/gpio.o
                0x000000000800099c                gpio_configure
 .text.rcc_configure
                0x0000000008000a04       0x8e ./bsp/src/rcc.o
                0x0000000008000a04                rcc_configure
 *fill*         0x0000000008000a92        0x2 
 .text.__libc_init_array
                0x0000000008000a94       0x48 /opt/gcc-arm-none-eabi-7-2018-q2-update-linux/gcc-arm-none-eabi-7-2018-q2-update/bin/../lib/gcc/arm-none-eabi/7.3.1/../../../../arm-none-eabi/lib/thumb/v7-m/libg.a(lib_a-init.o)
                0x0000000008000a94                __libc_init_array
 .text.startup.register_fini
                0x0000000008000adc       0x14 /opt/gcc-arm-none-eabi-7-2018-q2-update-linux/gcc-arm-none-eabi-7-2018-q2-update/bin/../lib/gcc/arm-none-eabi/7.3.1/../../../../arm-none-eabi/lib/thumb/v7-m/libg.a(lib_a-__call_atexit.o)
 .text.atexit   0x0000000008000af0        0xc /opt/gcc-arm-none-eabi-7-2018-q2-update-linux/gcc-arm-none-eabi-7-2018-q2-update/bin/../lib/gcc/arm-none-eabi/7.3.1/../../../../arm-none-eabi/lib/thumb/v7-m/libg.a(lib_a-atexit.o)
                0x0000000008000af0                atexit
 .text.__libc_fini_array
                0x0000000008000afc       0x34 /opt/gcc-arm-none-eabi-7-2018-q2-update-linux/gcc-arm-none-eabi-7-2018-q2-update/bin/../lib/gcc/arm-none-eabi/7.3.1/../../../../arm-none-eabi/lib/thumb/v7-m/libg.a(lib_a-fini.o)
                0x0000000008000afc                __libc_fini_array
 .text.__retarget_lock_acquire_recursive
                0x0000000008000b30        0x4 /opt/gcc-arm-none-eabi-7-2018-q2-update-linux/gcc-arm-none-eabi-7-2018-q2-update/bin/../lib/gcc/arm-none-eabi/7.3.1/../../../../arm-none-eabi/lib/thumb/v7-m/libg.a(lib_a-lock.o)
                0x0000000008000b30                __retarget_lock_acquire_recursive
 .text.__retarget_lock_release_recursive
                0x0000000008000b34        0x4 /opt/gcc-arm-none-eabi-7-2018-q2-update-linux/gcc-arm-none-eabi-7-2018-q2-update/bin/../lib/gcc/arm-none-eabi/7.3.1/../../../../arm-none-eabi/lib/thumb/v7-m/libg.a(lib_a-lock.o)
                0x0000000008000b34                __retarget_lock_release_recursive
 .text.__register_exitproc
                0x0000000008000b38       0xc0 /opt/gcc-arm-none-eabi-7-2018-q2-update-linux/gcc-arm-none-eabi-7-2018-q2-update/bin/../lib/gcc/arm-none-eabi/7.3.1/../../../../arm-none-eabi/lib/thumb/v7-m/libg.a(lib_a-__atexit.o)
                0x0000000008000b38                __register_exitproc
 *(.glue_7)
 .glue_7        0x0000000008000bf8        0x0 linker stubs
 *(.glue_7t)
 .glue_7t       0x0000000008000bf8        0x0 linker stubs
 *(.eh_frame)
 .eh_frame      0x0000000008000bf8        0x0 /opt/gcc-arm-none-eabi-7-2018-q2-update-linux/gcc-arm-none-eabi-7-2018-q2-update/bin/../lib/gcc/arm-none-eabi/7.3.1/thumb/v7-m/crtbegin.o
 *(.init)
 .init          0x0000000008000bf8        0x4 /opt/gcc-arm-none-eabi-7-2018-q2-update-linux/gcc-arm-none-eabi-7-2018-q2-update/bin/../lib/gcc/arm-none-eabi/7.3.1/thumb/v7-m/crti.o
                0x0000000008000bf8                _init
 .init          0x0000000008000bfc        0x8 /opt/gcc-arm-none-eabi-7-2018-q2-update-linux/gcc-arm-none-eabi-7-2018-q2-update/bin/../lib/gcc/arm-none-eabi/7.3.1/thumb/v7-m/crtn.o
 *(.fini)
 .fini          0x0000000008000c04        0x4 /opt/gcc-arm-none-eabi-7-2018-q2-update-linux/gcc-arm-none-eabi-7-2018-q2-update/bin/../lib/gcc/arm-none-eabi/7.3.1/thumb/v7-m/crti.o
                0x0000000008000c04                _fini
 .fini          0x0000000008000c08        0x8 /opt/gcc-arm-none-eabi-7-2018-q2-update-linux/gcc-arm-none-eabi-7-2018-q2-update/bin/../lib/gcc/arm-none-eabi/7.3.1/thumb/v7-m/crtn.o
                0x0000000008000c10                . = ALIGN (0x4)
                0x0000000008000c10                _etext = .

.vfp11_veneer   0x0000000008000c10        0x0
 .vfp11_veneer  0x0000000008000c10        0x0 linker stubs

.v4_bx          0x0000000008000c10        0x0
 .v4_bx         0x0000000008000c10        0x0 linker stubs

.iplt           0x0000000008000c10        0x0
 .iplt          0x0000000008000c10        0x0 /opt/gcc-arm-none-eabi-7-2018-q2-update-linux/gcc-arm-none-eabi-7-2018-q2-update/bin/../lib/gcc/arm-none-eabi/7.3.1/thumb/v7-m/crtbegin.o

.rodata         0x0000000008000c10        0x4
                0x0000000008000c10                . = ALIGN (0x4)
 *(.rodata)
 *(.rodata*)
 .rodata._global_impure_ptr
                0x0000000008000c10        0x4 /opt/gcc-arm-none-eabi-7-2018-q2-update-linux/gcc-arm-none-eabi-7-2018-q2-update/bin/../lib/gcc/arm-none-eabi/7.3.1/../../../../arm-none-eabi/lib/thumb/v7-m/libg.a(lib_a-impure.o)
                0x0000000008000c10                _global_impure_ptr
                0x0000000008000c14                . = ALIGN (0x4)

.rel.dyn        0x0000000008000c14        0x0
 .rel.iplt      0x0000000008000c14        0x0 /opt/gcc-arm-none-eabi-7-2018-q2-update-linux/gcc-arm-none-eabi-7-2018-q2-update/bin/../lib/gcc/arm-none-eabi/7.3.1/thumb/v7-m/crtbegin.o

.ARM.extab
 *(.ARM.extab* .gnu.linkonce.armextab.*)

.ARM            0x0000000008000c14        0x0
                0x0000000008000c14                __exidx_start = .
 *(.ARM.exidx*)
                0x0000000008000c14                __exidx_end = .

.preinit_array  0x0000000008000c14        0x0
                0x0000000008000c14                PROVIDE (__preinit_array_start = .)
 *(.preinit_array*)
                0x0000000008000c14                PROVIDE (__preinit_array_end = .)

.init_array     0x0000000008000c14        0x8
                0x0000000008000c14                PROVIDE (__init_array_start = .)
 *(SORT_BY_NAME(.init_array.*))
 .init_array.00000
                0x0000000008000c14        0x4 /opt/gcc-arm-none-eabi-7-2018-q2-update-linux/gcc-arm-none-eabi-7-2018-q2-update/bin/../lib/gcc/arm-none-eabi/7.3.1/../../../../arm-none-eabi/lib/thumb/v7-m/libg.a(lib_a-__call_atexit.o)
 *(.init_array*)
 .init_array    0x0000000008000c18        0x4 /opt/gcc-arm-none-eabi-7-2018-q2-update-linux/gcc-arm-none-eabi-7-2018-q2-update/bin/../lib/gcc/arm-none-eabi/7.3.1/thumb/v7-m/crtbegin.o
                0x0000000008000c1c                PROVIDE (__init_array_end = .)

.fini_array     0x0000000008000c1c        0x4
                0x0000000008000c1c                PROVIDE (__fini_array_start = .)
 *(SORT_BY_NAME(.fini_array.*))
 *(.fini_array*)
 .fini_array    0x0000000008000c1c        0x4 /opt/gcc-arm-none-eabi-7-2018-q2-update-linux/gcc-arm-none-eabi-7-2018-q2-update/bin/../lib/gcc/arm-none-eabi/7.3.1/thumb/v7-m/crtbegin.o
                0x0000000008000c20                PROVIDE (__fini_array_end = .)
                0x0000000008000c20                _sidata = LOADADDR (.data)

.data           0x0000000020000000      0x42c load address 0x0000000008000c20
                0x0000000020000000                . = ALIGN (0x4)
                0x0000000020000000                _sdata = .
 *(.data)
 *(.data*)
 .data.impure_data
                0x0000000020000000      0x428 /opt/gcc-arm-none-eabi-7-2018-q2-update-linux/gcc-arm-none-eabi-7-2018-q2-update/bin/../lib/gcc/arm-none-eabi/7.3.1/../../../../arm-none-eabi/lib/thumb/v7-m/libg.a(lib_a-impure.o)
 .data.__atexit_recursive_mutex
                0x0000000020000428        0x4 /opt/gcc-arm-none-eabi-7-2018-q2-update-linux/gcc-arm-none-eabi-7-2018-q2-update/bin/../lib/gcc/arm-none-eabi/7.3.1/../../../../arm-none-eabi/lib/thumb/v7-m/libg.a(lib_a-__call_atexit.o)
                0x0000000020000428                __atexit_recursive_mutex
                0x000000002000042c                . = ALIGN (0x4)
                0x000000002000042c                _edata = .

.igot.plt       0x000000002000042c        0x0 load address 0x000000000800104c
 .igot.plt      0x000000002000042c        0x0 /opt/gcc-arm-none-eabi-7-2018-q2-update-linux/gcc-arm-none-eabi-7-2018-q2-update/bin/../lib/gcc/arm-none-eabi/7.3.1/thumb/v7-m/crtbegin.o
                0x000000002000042c                . = ALIGN (0x4)

.bss            0x000000002000042c       0x40 load address 0x000000000800104c
                0x000000002000042c                _sbss = .
                0x000000002000042c                __bss_start__ = _sbss
 *(.bss)
 .bss           0x000000002000042c       0x1c /opt/gcc-arm-none-eabi-7-2018-q2-update-linux/gcc-arm-none-eabi-7-2018-q2-update/bin/../lib/gcc/arm-none-eabi/7.3.1/thumb/v7-m/crtbegin.o
 *(.bss*)
 *(COMMON)
 COMMON         0x0000000020000448       0x21 /opt/gcc-arm-none-eabi-7-2018-q2-update-linux/gcc-arm-none-eabi-7-2018-q2-update/bin/../lib/gcc/arm-none-eabi/7.3.1/../../../../arm-none-eabi/lib/thumb/v7-m/libg.a(lib_a-lock.o)
                0x0000000020000448                __lock___atexit_recursive_mutex
                0x000000002000044c                __lock___arc4random_mutex
                0x0000000020000450                __lock___env_recursive_mutex
                0x0000000020000454                __lock___sinit_recursive_mutex
                0x0000000020000458                __lock___malloc_recursive_mutex
                0x000000002000045c                __lock___at_quick_exit_mutex
                0x0000000020000460                __lock___dd_hash_mutex
                0x0000000020000464                __lock___tz_mutex
                0x0000000020000468                __lock___sfp_recursive_mutex
                0x000000002000046c                . = ALIGN (0x4)
 *fill*         0x0000000020000469        0x3 
                0x000000002000046c                _ebss = .
                0x000000002000046c                __bss_end__ = _ebss

._user_heap_stack
                0x000000002000046c      0x100 load address 0x000000000800104c
                0x000000002000046c                . = ALIGN (0x4)
                [!provide]                        PROVIDE (end = .)
                [!provide]                        PROVIDE (_end = .)
                0x000000002000046c                . = (. + _Min_Heap_Size)
                0x000000002000056c                . = (. + _Min_Stack_Size)
 *fill*         0x000000002000046c      0x100 
                0x000000002000056c                . = ALIGN (0x4)

.memory_b1_text
 *(.mb1text)
 *(.mb1text*)
 *(.mb1rodata)
 *(.mb1rodata*)

/DISCARD/
 libc.a(*)
 libm.a(*)
 libgcc.a(*)

.ARM.attributes
                0x0000000000000000       0x29
 *(.ARM.attributes)
 .ARM.attributes
                0x0000000000000000       0x1d /opt/gcc-arm-none-eabi-7-2018-q2-update-linux/gcc-arm-none-eabi-7-2018-q2-update/bin/../lib/gcc/arm-none-eabi/7.3.1/thumb/v7-m/crti.o
 .ARM.attributes
                0x000000000000001d       0x2d /opt/gcc-arm-none-eabi-7-2018-q2-update-linux/gcc-arm-none-eabi-7-2018-q2-update/bin/../lib/gcc/arm-none-eabi/7.3.1/thumb/v7-m/crtbegin.o
 .ARM.attributes
                0x000000000000004a       0x33 ./user/main.o
 .ARM.attributes
                0x000000000000007d       0x33 ./user/stm32f10x_it.o
 .ARM.attributes
                0x00000000000000b0       0x21 ./startup/startup_stm32f10x_hd.o
 .ARM.attributes
                0x00000000000000d1       0x33 ./libraries/src/stm32f10x_flash.o
 .ARM.attributes
                0x0000000000000104       0x33 ./libraries/src/stm32f10x_gpio.o
 .ARM.attributes
                0x0000000000000137       0x33 ./libraries/src/stm32f10x_rcc.o
 .ARM.attributes
                0x000000000000016a       0x33 ./cmsis/system_stm32f10x.o
 .ARM.attributes
                0x000000000000019d       0x33 ./bsp/src/delay.o
 .ARM.attributes
                0x00000000000001d0       0x33 ./bsp/src/gpio.o
 .ARM.attributes
                0x0000000000000203       0x33 ./bsp/src/rcc.o
 .ARM.attributes
                0x0000000000000236       0x2d /opt/gcc-arm-none-eabi-7-2018-q2-update-linux/gcc-arm-none-eabi-7-2018-q2-update/bin/../lib/gcc/arm-none-eabi/7.3.1/../../../../arm-none-eabi/lib/thumb/v7-m/libg.a(lib_a-impure.o)
 .ARM.attributes
                0x0000000000000263       0x2d /opt/gcc-arm-none-eabi-7-2018-q2-update-linux/gcc-arm-none-eabi-7-2018-q2-update/bin/../lib/gcc/arm-none-eabi/7.3.1/../../../../arm-none-eabi/lib/thumb/v7-m/libg.a(lib_a-init.o)
 .ARM.attributes
                0x0000000000000290       0x2d /opt/gcc-arm-none-eabi-7-2018-q2-update-linux/gcc-arm-none-eabi-7-2018-q2-update/bin/../lib/gcc/arm-none-eabi/7.3.1/../../../../arm-none-eabi/lib/thumb/v7-m/libg.a(lib_a-__call_atexit.o)
 .ARM.attributes
                0x00000000000002bd       0x2d /opt/gcc-arm-none-eabi-7-2018-q2-update-linux/gcc-arm-none-eabi-7-2018-q2-update/bin/../lib/gcc/arm-none-eabi/7.3.1/../../../../arm-none-eabi/lib/thumb/v7-m/libg.a(lib_a-atexit.o)
 .ARM.attributes
                0x00000000000002ea       0x2d /opt/gcc-arm-none-eabi-7-2018-q2-update-linux/gcc-arm-none-eabi-7-2018-q2-update/bin/../lib/gcc/arm-none-eabi/7.3.1/../../../../arm-none-eabi/lib/thumb/v7-m/libg.a(lib_a-fini.o)
 .ARM.attributes
                0x0000000000000317       0x2d /opt/gcc-arm-none-eabi-7-2018-q2-update-linux/gcc-arm-none-eabi-7-2018-q2-update/bin/../lib/gcc/arm-none-eabi/7.3.1/../../../../arm-none-eabi/lib/thumb/v7-m/libg.a(lib_a-lock.o)
 .ARM.attributes
                0x0000000000000344       0x2d /opt/gcc-arm-none-eabi-7-2018-q2-update-linux/gcc-arm-none-eabi-7-2018-q2-update/bin/../lib/gcc/arm-none-eabi/7.3.1/../../../../arm-none-eabi/lib/thumb/v7-m/libg.a(lib_a-__atexit.o)
 .ARM.attributes
                0x0000000000000371       0x1d /opt/gcc-arm-none-eabi-7-2018-q2-update-linux/gcc-arm-none-eabi-7-2018-q2-update/bin/../lib/gcc/arm-none-eabi/7.3.1/thumb/v7-m/crtn.o
OUTPUT(f103c8t6.elf elf32-littlearm)

.debug_info     0x0000000000000000     0x22ba
 .debug_info    0x0000000000000000      0x15d ./user/main.o
 .debug_info    0x000000000000015d      0x13b ./user/stm32f10x_it.o
 .debug_info    0x0000000000000298       0x22 ./startup/startup_stm32f10x_hd.o
 .debug_info    0x00000000000002ba      0x7b2 ./libraries/src/stm32f10x_flash.o
 .debug_info    0x0000000000000a6c      0x6ec ./libraries/src/stm32f10x_gpio.o
 .debug_info    0x0000000000001158      0x89c ./libraries/src/stm32f10x_rcc.o
 .debug_info    0x00000000000019f4      0x450 ./cmsis/system_stm32f10x.o
 .debug_info    0x0000000000001e44      0x162 ./bsp/src/delay.o
 .debug_info    0x0000000000001fa6      0x215 ./bsp/src/gpio.o
 .debug_info    0x00000000000021bb       0xff ./bsp/src/rcc.o

.debug_abbrev   0x0000000000000000      0xaff
 .debug_abbrev  0x0000000000000000       0xcf ./user/main.o
 .debug_abbrev  0x00000000000000cf       0x7b ./user/stm32f10x_it.o
 .debug_abbrev  0x000000000000014a       0x12 ./startup/startup_stm32f10x_hd.o
 .debug_abbrev  0x000000000000015c      0x1a7 ./libraries/src/stm32f10x_flash.o
 .debug_abbrev  0x0000000000000303      0x1e4 ./libraries/src/stm32f10x_gpio.o
 .debug_abbrev  0x00000000000004e7      0x1d4 ./libraries/src/stm32f10x_rcc.o
 .debug_abbrev  0x00000000000006bb      0x19e ./cmsis/system_stm32f10x.o
 .debug_abbrev  0x0000000000000859       0xff ./bsp/src/delay.o
 .debug_abbrev  0x0000000000000958      0x109 ./bsp/src/gpio.o
 .debug_abbrev  0x0000000000000a61       0x9e ./bsp/src/rcc.o

.debug_aranges  0x0000000000000000      0x400
 .debug_aranges
                0x0000000000000000       0x20 ./user/main.o
 .debug_aranges
                0x0000000000000020       0x60 ./user/stm32f10x_it.o
 .debug_aranges
                0x0000000000000080       0x28 ./startup/startup_stm32f10x_hd.o
 .debug_aranges
                0x00000000000000a8       0xf8 ./libraries/src/stm32f10x_flash.o
 .debug_aranges
                0x00000000000001a0       0xa8 ./libraries/src/stm32f10x_gpio.o
 .debug_aranges
                0x0000000000000248      0x118 ./libraries/src/stm32f10x_rcc.o
 .debug_aranges
                0x0000000000000360       0x38 ./cmsis/system_stm32f10x.o
 .debug_aranges
                0x0000000000000398       0x28 ./bsp/src/delay.o
 .debug_aranges
                0x00000000000003c0       0x20 ./bsp/src/gpio.o
 .debug_aranges
                0x00000000000003e0       0x20 ./bsp/src/rcc.o

.debug_ranges   0x0000000000000000      0x368
 .debug_ranges  0x0000000000000000       0x10 ./user/main.o
 .debug_ranges  0x0000000000000010       0x50 ./user/stm32f10x_it.o
 .debug_ranges  0x0000000000000060       0x20 ./startup/startup_stm32f10x_hd.o
 .debug_ranges  0x0000000000000080       0xe8 ./libraries/src/stm32f10x_flash.o
 .debug_ranges  0x0000000000000168       0x98 ./libraries/src/stm32f10x_gpio.o
 .debug_ranges  0x0000000000000200      0x108 ./libraries/src/stm32f10x_rcc.o
 .debug_ranges  0x0000000000000308       0x28 ./cmsis/system_stm32f10x.o
 .debug_ranges  0x0000000000000330       0x18 ./bsp/src/delay.o
 .debug_ranges  0x0000000000000348       0x10 ./bsp/src/gpio.o
 .debug_ranges  0x0000000000000358       0x10 ./bsp/src/rcc.o

.debug_macro    0x0000000000000000     0xde83
 .debug_macro   0x0000000000000000      0x1ac ./user/main.o
 .debug_macro   0x00000000000001ac      0xa4e ./user/main.o
 .debug_macro   0x0000000000000bfa       0x56 ./user/main.o
 .debug_macro   0x0000000000000c50       0x22 ./user/main.o
 .debug_macro   0x0000000000000c72       0x22 ./user/main.o
 .debug_macro   0x0000000000000c94       0x8e ./user/main.o
 .debug_macro   0x0000000000000d22       0x51 ./user/main.o
 .debug_macro   0x0000000000000d73       0xef ./user/main.o
 .debug_macro   0x0000000000000e62       0x6a ./user/main.o
 .debug_macro   0x0000000000000ecc      0x1df ./user/main.o
 .debug_macro   0x00000000000010ab      0x69f ./user/main.o
 .debug_macro   0x000000000000174a     0x7e6d ./user/main.o
 .debug_macro   0x00000000000095b7      0x2df ./user/main.o
 .debug_macro   0x0000000000009896      0x144 ./user/main.o
 .debug_macro   0x00000000000099da      0x3cf ./user/main.o
 .debug_macro   0x0000000000009da9       0xc8 ./user/main.o
 .debug_macro   0x0000000000009e71      0x17a ./user/main.o
 .debug_macro   0x0000000000009feb       0xac ./user/main.o
 .debug_macro   0x000000000000a097      0x3ad ./user/main.o
 .debug_macro   0x000000000000a444       0x9a ./user/main.o
 .debug_macro   0x000000000000a4de      0x2cf ./user/main.o
 .debug_macro   0x000000000000a7ad      0x279 ./user/main.o
 .debug_macro   0x000000000000aa26      0x2ac ./user/main.o
 .debug_macro   0x000000000000acd2      0x2b1 ./user/main.o
 .debug_macro   0x000000000000af83       0x64 ./user/main.o
 .debug_macro   0x000000000000afe7       0x82 ./user/main.o
 .debug_macro   0x000000000000b069      0x3e2 ./user/main.o
 .debug_macro   0x000000000000b44b       0x58 ./user/main.o
 .debug_macro   0x000000000000b4a3      0x341 ./user/main.o
 .debug_macro   0x000000000000b7e4      0x2c4 ./user/main.o
 .debug_macro   0x000000000000baa8      0x711 ./user/main.o
 .debug_macro   0x000000000000c1b9      0x220 ./user/main.o
 .debug_macro   0x000000000000c3d9       0x34 ./user/main.o
 .debug_macro   0x000000000000c40d       0x8b ./user/main.o
 .debug_macro   0x000000000000c498       0xb8 ./user/main.o
 .debug_macro   0x000000000000c550       0x35 ./user/main.o
 .debug_macro   0x000000000000c585      0x1b6 ./user/stm32f10x_it.o
 .debug_macro   0x000000000000c73b      0x25e ./libraries/src/stm32f10x_flash.o
 .debug_macro   0x000000000000c999      0x2c9 ./libraries/src/stm32f10x_flash.o
 .debug_macro   0x000000000000cc62      0x204 ./libraries/src/stm32f10x_gpio.o
 .debug_macro   0x000000000000ce66      0x2a6 ./libraries/src/stm32f10x_gpio.o
 .debug_macro   0x000000000000d10c      0x2d2 ./libraries/src/stm32f10x_rcc.o
 .debug_macro   0x000000000000d3de      0x3dc ./libraries/src/stm32f10x_rcc.o
 .debug_macro   0x000000000000d7ba      0x1b9 ./cmsis/system_stm32f10x.o
 .debug_macro   0x000000000000d973      0x1b0 ./bsp/src/delay.o
 .debug_macro   0x000000000000db23      0x1b0 ./bsp/src/gpio.o
 .debug_macro   0x000000000000dcd3      0x1b0 ./bsp/src/rcc.o

.debug_line     0x0000000000000000     0x39c1
 .debug_line    0x0000000000000000      0x561 ./user/main.o
 .debug_line    0x0000000000000561      0x5fa ./user/stm32f10x_it.o
 .debug_line    0x0000000000000b5b       0x7e ./startup/startup_stm32f10x_hd.o
 .debug_line    0x0000000000000bd9      0x831 ./libraries/src/stm32f10x_flash.o
 .debug_line    0x000000000000140a      0x736 ./libraries/src/stm32f10x_gpio.o
 .debug_line    0x0000000000001b40      0x832 ./libraries/src/stm32f10x_rcc.o
 .debug_line    0x0000000000002372      0x603 ./cmsis/system_stm32f10x.o
 .debug_line    0x0000000000002975      0x587 ./bsp/src/delay.o
 .debug_line    0x0000000000002efc      0x557 ./bsp/src/gpio.o
 .debug_line    0x0000000000003453      0x56e ./bsp/src/rcc.o

.debug_str      0x0000000000000000    0x4f3f9
 .debug_str     0x0000000000000000    0x4d89e ./user/main.o
                                      0x4da0b (size before relaxing)
 .debug_str     0x000000000004d89e       0xb9 ./user/stm32f10x_it.o
                                      0x4da73 (size before relaxing)
 .debug_str     0x000000000004d957       0x30 ./startup/startup_stm32f10x_hd.o
                                         0x5b (size before relaxing)
 .debug_str     0x000000000004d987      0x832 ./libraries/src/stm32f10x_flash.o
                                      0x4e232 (size before relaxing)
 .debug_str     0x000000000004e1b9      0x57e ./libraries/src/stm32f10x_gpio.o
                                      0x4dfc0 (size before relaxing)
 .debug_str     0x000000000004e737      0xb52 ./libraries/src/stm32f10x_rcc.o
                                      0x4e5a6 (size before relaxing)
 .debug_str     0x000000000004f289       0xd6 ./cmsis/system_stm32f10x.o
                                      0x4db5d (size before relaxing)
 .debug_str     0x000000000004f35f       0x47 ./bsp/src/delay.o
                                      0x4da01 (size before relaxing)
 .debug_str     0x000000000004f3a6       0x34 ./bsp/src/gpio.o
                                      0x4db2e (size before relaxing)
 .debug_str     0x000000000004f3da       0x1f ./bsp/src/rcc.o
                                      0x4da00 (size before relaxing)

.comment        0x0000000000000000       0x7f
 .comment       0x0000000000000000       0x7f ./user/main.o
                                         0x80 (size before relaxing)
 .comment       0x000000000000007f       0x80 ./user/stm32f10x_it.o
 .comment       0x000000000000007f       0x80 ./libraries/src/stm32f10x_flash.o
 .comment       0x000000000000007f       0x80 ./libraries/src/stm32f10x_gpio.o
 .comment       0x000000000000007f       0x80 ./libraries/src/stm32f10x_rcc.o
 .comment       0x000000000000007f       0x80 ./cmsis/system_stm32f10x.o
 .comment       0x000000000000007f       0x80 ./bsp/src/delay.o
 .comment       0x000000000000007f       0x80 ./bsp/src/gpio.o
 .comment       0x000000000000007f       0x80 ./bsp/src/rcc.o

.debug_frame    0x0000000000000000     0x1028
 .debug_frame   0x0000000000000000       0x2c ./user/main.o
 .debug_frame   0x000000000000002c      0x110 ./user/stm32f10x_it.o
 .debug_frame   0x000000000000013c      0x410 ./libraries/src/stm32f10x_flash.o
 .debug_frame   0x000000000000054c      0x2d0 ./libraries/src/stm32f10x_gpio.o
 .debug_frame   0x000000000000081c      0x4f4 ./libraries/src/stm32f10x_rcc.o
 .debug_frame   0x0000000000000d10       0x98 ./cmsis/system_stm32f10x.o
 .debug_frame   0x0000000000000da8       0x60 ./bsp/src/delay.o
 .debug_frame   0x0000000000000e08       0x34 ./bsp/src/gpio.o
 .debug_frame   0x0000000000000e3c       0x2c ./bsp/src/rcc.o
 .debug_frame   0x0000000000000e68       0x2c /opt/gcc-arm-none-eabi-7-2018-q2-update-linux/gcc-arm-none-eabi-7-2018-q2-update/bin/../lib/gcc/arm-none-eabi/7.3.1/../../../../arm-none-eabi/lib/thumb/v7-m/libg.a(lib_a-init.o)
 .debug_frame   0x0000000000000e94       0x5c /opt/gcc-arm-none-eabi-7-2018-q2-update-linux/gcc-arm-none-eabi-7-2018-q2-update/bin/../lib/gcc/arm-none-eabi/7.3.1/../../../../arm-none-eabi/lib/thumb/v7-m/libg.a(lib_a-__call_atexit.o)
 .debug_frame   0x0000000000000ef0       0x20 /opt/gcc-arm-none-eabi-7-2018-q2-update-linux/gcc-arm-none-eabi-7-2018-q2-update/bin/../lib/gcc/arm-none-eabi/7.3.1/../../../../arm-none-eabi/lib/thumb/v7-m/libg.a(lib_a-atexit.o)
 .debug_frame   0x0000000000000f10       0x34 /opt/gcc-arm-none-eabi-7-2018-q2-update-linux/gcc-arm-none-eabi-7-2018-q2-update/bin/../lib/gcc/arm-none-eabi/7.3.1/../../../../arm-none-eabi/lib/thumb/v7-m/libg.a(lib_a-fini.o)
 .debug_frame   0x0000000000000f44       0xb0 /opt/gcc-arm-none-eabi-7-2018-q2-update-linux/gcc-arm-none-eabi-7-2018-q2-update/bin/../lib/gcc/arm-none-eabi/7.3.1/../../../../arm-none-eabi/lib/thumb/v7-m/libg.a(lib_a-lock.o)
 .debug_frame   0x0000000000000ff4       0x34 /opt/gcc-arm-none-eabi-7-2018-q2-update-linux/gcc-arm-none-eabi-7-2018-q2-update/bin/../lib/gcc/arm-none-eabi/7.3.1/../../../../arm-none-eabi/lib/thumb/v7-m/libg.a(lib_a-__atexit.o)
