Archive member included to satisfy reference by file (symbol)

/opt/gcc-arm-none-eabi-7-2018-q2-update-linux/gcc-arm-none-eabi-7-2018-q2-update/bin/../lib/gcc/arm-none-eabi/7.3.1/../../../../arm-none-eabi/lib/thumb/v7-m/libg.a(lib_a-exit.o)
                              /opt/gcc-arm-none-eabi-7-2018-q2-update-linux/gcc-arm-none-eabi-7-2018-q2-update/bin/../lib/gcc/arm-none-eabi/7.3.1/../../../../arm-none-eabi/lib/thumb/v7-m/crt0.o (exit)
/opt/gcc-arm-none-eabi-7-2018-q2-update-linux/gcc-arm-none-eabi-7-2018-q2-update/bin/../lib/gcc/arm-none-eabi/7.3.1/../../../../arm-none-eabi/lib/thumb/v7-m/libg.a(lib_a-impure.o)
                              /opt/gcc-arm-none-eabi-7-2018-q2-update-linux/gcc-arm-none-eabi-7-2018-q2-update/bin/../lib/gcc/arm-none-eabi/7.3.1/../../../../arm-none-eabi/lib/thumb/v7-m/libg.a(lib_a-exit.o) (_global_impure_ptr)
/opt/gcc-arm-none-eabi-7-2018-q2-update-linux/gcc-arm-none-eabi-7-2018-q2-update/bin/../lib/gcc/arm-none-eabi/7.3.1/../../../../arm-none-eabi/lib/thumb/v7-m/libg.a(lib_a-init.o)
                              /opt/gcc-arm-none-eabi-7-2018-q2-update-linux/gcc-arm-none-eabi-7-2018-q2-update/bin/../lib/gcc/arm-none-eabi/7.3.1/../../../../arm-none-eabi/lib/thumb/v7-m/crt0.o (__libc_init_array)
/opt/gcc-arm-none-eabi-7-2018-q2-update-linux/gcc-arm-none-eabi-7-2018-q2-update/bin/../lib/gcc/arm-none-eabi/7.3.1/../../../../arm-none-eabi/lib/thumb/v7-m/libg.a(lib_a-memset.o)
                              /opt/gcc-arm-none-eabi-7-2018-q2-update-linux/gcc-arm-none-eabi-7-2018-q2-update/bin/../lib/gcc/arm-none-eabi/7.3.1/../../../../arm-none-eabi/lib/thumb/v7-m/crt0.o (memset)
/opt/gcc-arm-none-eabi-7-2018-q2-update-linux/gcc-arm-none-eabi-7-2018-q2-update/bin/../lib/gcc/arm-none-eabi/7.3.1/../../../../arm-none-eabi/lib/thumb/v7-m/libg.a(lib_a-__call_atexit.o)
                              /opt/gcc-arm-none-eabi-7-2018-q2-update-linux/gcc-arm-none-eabi-7-2018-q2-update/bin/../lib/gcc/arm-none-eabi/7.3.1/../../../../arm-none-eabi/lib/thumb/v7-m/libg.a(lib_a-exit.o) (__call_exitprocs)
/opt/gcc-arm-none-eabi-7-2018-q2-update-linux/gcc-arm-none-eabi-7-2018-q2-update/bin/../lib/gcc/arm-none-eabi/7.3.1/../../../../arm-none-eabi/lib/thumb/v7-m/libg.a(lib_a-atexit.o)
                              /opt/gcc-arm-none-eabi-7-2018-q2-update-linux/gcc-arm-none-eabi-7-2018-q2-update/bin/../lib/gcc/arm-none-eabi/7.3.1/../../../../arm-none-eabi/lib/thumb/v7-m/libg.a(lib_a-__call_atexit.o) (atexit)
/opt/gcc-arm-none-eabi-7-2018-q2-update-linux/gcc-arm-none-eabi-7-2018-q2-update/bin/../lib/gcc/arm-none-eabi/7.3.1/../../../../arm-none-eabi/lib/thumb/v7-m/libg.a(lib_a-fini.o)
                              /opt/gcc-arm-none-eabi-7-2018-q2-update-linux/gcc-arm-none-eabi-7-2018-q2-update/bin/../lib/gcc/arm-none-eabi/7.3.1/../../../../arm-none-eabi/lib/thumb/v7-m/libg.a(lib_a-__call_atexit.o) (__libc_fini_array)
/opt/gcc-arm-none-eabi-7-2018-q2-update-linux/gcc-arm-none-eabi-7-2018-q2-update/bin/../lib/gcc/arm-none-eabi/7.3.1/../../../../arm-none-eabi/lib/thumb/v7-m/libg.a(lib_a-lock.o)
                              /opt/gcc-arm-none-eabi-7-2018-q2-update-linux/gcc-arm-none-eabi-7-2018-q2-update/bin/../lib/gcc/arm-none-eabi/7.3.1/../../../../arm-none-eabi/lib/thumb/v7-m/libg.a(lib_a-__call_atexit.o) (__retarget_lock_acquire_recursive)
/opt/gcc-arm-none-eabi-7-2018-q2-update-linux/gcc-arm-none-eabi-7-2018-q2-update/bin/../lib/gcc/arm-none-eabi/7.3.1/../../../../arm-none-eabi/lib/thumb/v7-m/libg.a(lib_a-__atexit.o)
                              /opt/gcc-arm-none-eabi-7-2018-q2-update-linux/gcc-arm-none-eabi-7-2018-q2-update/bin/../lib/gcc/arm-none-eabi/7.3.1/../../../../arm-none-eabi/lib/thumb/v7-m/libg.a(lib_a-atexit.o) (__register_exitproc)

Allocating common symbols
Common symbol       size              file

__lock___atexit_recursive_mutex
                    0x1               /opt/gcc-arm-none-eabi-7-2018-q2-update-linux/gcc-arm-none-eabi-7-2018-q2-update/bin/../lib/gcc/arm-none-eabi/7.3.1/../../../../arm-none-eabi/lib/thumb/v7-m/libg.a(lib_a-lock.o)
__lock___arc4random_mutex
                    0x1               /opt/gcc-arm-none-eabi-7-2018-q2-update-linux/gcc-arm-none-eabi-7-2018-q2-update/bin/../lib/gcc/arm-none-eabi/7.3.1/../../../../arm-none-eabi/lib/thumb/v7-m/libg.a(lib_a-lock.o)
__lock___env_recursive_mutex
                    0x1               /opt/gcc-arm-none-eabi-7-2018-q2-update-linux/gcc-arm-none-eabi-7-2018-q2-update/bin/../lib/gcc/arm-none-eabi/7.3.1/../../../../arm-none-eabi/lib/thumb/v7-m/libg.a(lib_a-lock.o)
__lock___sinit_recursive_mutex
                    0x1               /opt/gcc-arm-none-eabi-7-2018-q2-update-linux/gcc-arm-none-eabi-7-2018-q2-update/bin/../lib/gcc/arm-none-eabi/7.3.1/../../../../arm-none-eabi/lib/thumb/v7-m/libg.a(lib_a-lock.o)
__lock___malloc_recursive_mutex
[...]
Memory Configuration

Name             Origin             Length             Attributes
FLASH            0x0000000008000000 0x0000000000080000 xr
RAM              0x0000000020000000 0x0000000000020000 xrw
*default*        0x0000000000000000 0xffffffffffffffff

Linker script and memory map

LOAD /opt/gcc-arm-none-eabi-7-2018-q2-update-linux/gcc-arm-none-eabi-7-2018-q2-update/bin/../lib/gcc/arm-none-eabi/7.3.1/thumb/v7-m/crti.o
LOAD /opt/gcc-arm-none-eabi-7-2018-q2-update-linux/gcc-arm-none-eabi-7-2018-q2-update/bin/../lib/gcc/arm-none-eabi/7.3.1/thumb/v7-m/crtbegin.o
LOAD /opt/gcc-arm-none-eabi-7-2018-q2-update-linux/gcc-arm-none-eabi-7-2018-q2-update/bin/../lib/gcc/arm-none-eabi/7.3.1/../../../../arm-none-eabi/lib/thumb/v7-m/crt0.o
LOAD ./user/main.o
LOAD ./user/stm32f4xx_it.o
LOAD ./startup/startup_stm32f411xe.o
LOAD ./libraries/src/misc.o
LOAD ./libraries/src/stm32f4xx_adc.o
LOAD ./libraries/src/stm32f4xx_can.o
LOAD ./libraries/src/stm32f4xx_cec.o
LOAD ./libraries/src/stm32f4xx_crc.o
LOAD ./libraries/src/stm32f4xx_cryp.o
LOAD ./libraries/src/stm32f4xx_cryp_aes.o
LOAD ./libraries/src/stm32f4xx_cryp_des.o
LOAD ./libraries/src/stm32f4xx_cryp_tdes.o
LOAD ./libraries/src/stm32f4xx_dac.o
LOAD ./libraries/src/stm32f4xx_dbgmcu.o
LOAD ./libraries/src/stm32f4xx_dcmi.o
LOAD ./libraries/src/stm32f4xx_dfsdm.o
LOAD ./libraries/src/stm32f4xx_dma.o
LOAD ./libraries/src/stm32f4xx_dma2d.o
LOAD ./libraries/src/stm32f4xx_dsi.o
LOAD ./libraries/src/stm32f4xx_exti.o
LOAD ./libraries/src/stm32f4xx_flash.o
LOAD ./libraries/src/stm32f4xx_flash_ramfunc.o
LOAD ./libraries/src/stm32f4xx_fmpi2c.o
LOAD ./libraries/src/stm32f4xx_gpio.o
LOAD ./libraries/src/stm32f4xx_hash.o
LOAD ./libraries/src/stm32f4xx_hash_md5.o
LOAD ./libraries/src/stm32f4xx_hash_sha1.o
LOAD ./libraries/src/stm32f4xx_i2c.o
LOAD ./libraries/src/stm32f4xx_iwdg.o
LOAD ./libraries/src/stm32f4xx_lptim.o
LOAD ./libraries/src/stm32f4xx_ltdc.o
LOAD ./libraries/src/stm32f4xx_pwr.o
LOAD ./libraries/src/stm32f4xx_qspi.o
LOAD ./libraries/src/stm32f4xx_rcc.o
LOAD ./libraries/src/stm32f4xx_rng.o
LOAD ./libraries/src/stm32f4xx_rtc.o
LOAD ./libraries/src/stm32f4xx_sai.o
LOAD ./libraries/src/stm32f4xx_sdio.o
LOAD ./libraries/src/stm32f4xx_spdifrx.o
LOAD ./libraries/src/stm32f4xx_spi.o
LOAD ./libraries/src/stm32f4xx_syscfg.o
LOAD ./libraries/src/stm32f4xx_tim.o
LOAD ./libraries/src/stm32f4xx_usart.o
LOAD ./libraries/src/stm32f4xx_wwdg.o
LOAD ./cmsis/system_stm32f4xx.o
START GROUP
LOAD /opt/gcc-arm-none-eabi-7-2018-q2-update-linux/gcc-arm-none-eabi-7-2018-q2-update/bin/../lib/gcc/arm-none-eabi/7.3.1/thumb/v7-m/libgcc.a
LOAD /opt/gcc-arm-none-eabi-7-2018-q2-update-linux/gcc-arm-none-eabi-7-2018-q2-update/bin/../lib/gcc/arm-none-eabi/7.3.1/../../../../arm-none-eabi/lib/thumb/v7-m/libg.a
LOAD /opt/gcc-arm-none-eabi-7-2018-q2-update-linux/gcc-arm-none-eabi-7-2018-q2-update/bin/../lib/gcc/arm-none-eabi/7.3.1/../../../../arm-none-eabi/lib/thumb/v7-m/libc.a
END GROUP
LOAD /opt/gcc-arm-none-eabi-7-2018-q2-update-linux/gcc-arm-none-eabi-7-2018-q2-update/bin/../lib/gcc/arm-none-eabi/7.3.1/thumb/v7-m/crtend.o
LOAD /opt/gcc-arm-none-eabi-7-2018-q2-update-linux/gcc-arm-none-eabi-7-2018-q2-update/bin/../lib/gcc/arm-none-eabi/7.3.1/thumb/v7-m/crtn.o
                0x000000002001ffff                _estack = 0x2001ffff
                0x0000000000000200                _Min_Heap_Size = 0x200
                0x0000000000000400                _Min_Stack_Size = 0x400

.isr_vector     0x0000000008000000      0x198
                0x0000000008000000                . = ALIGN (0x4)
 *(.isr_vector)
 .isr_vector    0x0000000008000000      0x198 ./startup/startup_stm32f411xe.o
                0x0000000008000000                g_pfnVectors
                0x0000000008000198                . = ALIGN (0x4)

.text           0x0000000008000198      0x370
                0x0000000008000198                . = ALIGN (0x4)
 *(.text)
 .text          0x0000000008000198       0x40 /opt/gcc-arm-none-eabi-7-2018-q2-update-linux/gcc-arm-none-eabi-7-2018-q2-update/bin/../lib/gcc/arm-none-eabi/7.3.1/thumb/v7-m/crtbegin.o
 *(.text*)
 .text.main     0x00000000080001d8        0xe ./user/main.o
                0x00000000080001d8                main
 .text.NMI_Handler
                0x00000000080001e6        0xc ./user/stm32f4xx_it.o
                0x00000000080001e6                NMI_Handler
 .text.HardFault_Handler
                0x00000000080001f2        0x6 ./user/stm32f4xx_it.o
                0x00000000080001f2                HardFault_Handler
 .text.MemManage_Handler
                0x00000000080001f8        0x6 ./user/stm32f4xx_it.o
                0x00000000080001f8                MemManage_Handler
 .text.BusFault_Handler
                0x00000000080001fe        0x6 ./user/stm32f4xx_it.o
                0x00000000080001fe                BusFault_Handler
 .text.UsageFault_Handler
                0x0000000008000204        0x6 ./user/stm32f4xx_it.o
                0x0000000008000204                UsageFault_Handler
 .text.SVC_Handler
                0x000000000800020a        0xc ./user/stm32f4xx_it.o
                0x000000000800020a                SVC_Handler
 .text.DebugMon_Handler
                0x0000000008000216        0xc ./user/stm32f4xx_it.o
                0x0000000008000216                DebugMon_Handler
 .text.PendSV_Handler
                0x0000000008000222        0xc ./user/stm32f4xx_it.o
                0x0000000008000222                PendSV_Handler
 .text.SysTick_Handler
                0x000000000800022e        0xc ./user/stm32f4xx_it.o
                0x000000000800022e                SysTick_Handler
 *fill*         0x000000000800023a        0x2 
 .text.Reset_Handler
                0x000000000800023c       0x50 ./startup/startup_stm32f411xe.o
                0x000000000800023c                Reset_Handler
 .text.Default_Handler
                0x000000000800028c        0x2 ./startup/startup_stm32f411xe.o
                0x000000000800028c                RTC_Alarm_IRQHandler
                0x000000000800028c                EXTI2_IRQHandler
                0x000000000800028c                SPI4_IRQHandler
                0x000000000800028c                TIM1_CC_IRQHandler
                0x000000000800028c                DMA2_Stream5_IRQHandler
                0x000000000800028c                DMA1_Stream5_IRQHandler
                0x000000000800028c                PVD_IRQHandler
                0x000000000800028c                SDIO_IRQHandler
                0x000000000800028c                TAMP_STAMP_IRQHandler
                0x000000000800028c                EXTI3_IRQHandler
                0x000000000800028c                TIM1_UP_TIM10_IRQHandler
                0x000000000800028c                I2C3_ER_IRQHandler
                0x000000000800028c                EXTI0_IRQHandler
                0x000000000800028c                I2C2_EV_IRQHandler
                0x000000000800028c                DMA1_Stream2_IRQHandler
                0x000000000800028c                FPU_IRQHandler
                0x000000000800028c                DMA2_Stream2_IRQHandler
                0x000000000800028c                SPI1_IRQHandler
                0x000000000800028c                TIM1_BRK_TIM9_IRQHandler
                0x000000000800028c                DMA2_Stream3_IRQHandler
                0x000000000800028c                USART6_IRQHandler
                0x000000000800028c                DMA2_Stream0_IRQHandler
                0x000000000800028c                TIM4_IRQHandler
                0x000000000800028c                I2C1_EV_IRQHandler
                0x000000000800028c                DMA1_Stream6_IRQHandler
                0x000000000800028c                DMA1_Stream1_IRQHandler
                0x000000000800028c                TIM3_IRQHandler
                0x000000000800028c                RCC_IRQHandler
                0x000000000800028c                Default_Handler
                0x000000000800028c                EXTI15_10_IRQHandler
                0x000000000800028c                ADC_IRQHandler
                0x000000000800028c                DMA1_Stream7_IRQHandler
                0x000000000800028c                SPI5_IRQHandler
                0x000000000800028c                TIM5_IRQHandler
                0x000000000800028c                DMA2_Stream7_IRQHandler
                0x000000000800028c                I2C3_EV_IRQHandler
                0x000000000800028c                EXTI9_5_IRQHandler
                0x000000000800028c                RTC_WKUP_IRQHandler
                0x000000000800028c                SPI2_IRQHandler
                0x000000000800028c                DMA1_Stream0_IRQHandler
                0x000000000800028c                EXTI4_IRQHandler
                0x000000000800028c                WWDG_IRQHandler
                0x000000000800028c                TIM2_IRQHandler
                0x000000000800028c                OTG_FS_WKUP_IRQHandler
                0x000000000800028c                TIM1_TRG_COM_TIM11_IRQHandler
                0x000000000800028c                EXTI1_IRQHandler
                0x000000000800028c                USART2_IRQHandler
                0x000000000800028c                I2C2_ER_IRQHandler
                0x000000000800028c                DMA2_Stream1_IRQHandler
                0x000000000800028c                FLASH_IRQHandler
                0x000000000800028c                DMA2_Stream4_IRQHandler
                0x000000000800028c                USART1_IRQHandler
                0x000000000800028c                OTG_FS_IRQHandler
                0x000000000800028c                SPI3_IRQHandler
                0x000000000800028c                DMA1_Stream4_IRQHandler
                0x000000000800028c                I2C1_ER_IRQHandler
                0x000000000800028c                DMA2_Stream6_IRQHandler
                0x000000000800028c                DMA1_Stream3_IRQHandler
 *fill*         0x000000000800028e        0x2 
 .text.SystemInit
                0x0000000008000290       0x5c ./cmsis/system_stm32f4xx.o
                0x0000000008000290                SystemInit
 .text.SetSysClock
                0x00000000080002ec       0xa0 ./cmsis/system_stm32f4xx.o
 .text.__libc_init_array
                0x000000000800038c       0x48 /opt/gcc-arm-none-eabi-7-2018-q2-update-linux/gcc-arm-none-eabi-7-2018-q2-update/bin/../lib/gcc/arm-none-eabi/7.3.1/../../../../arm-none-eabi/lib/thumb/v7-m/libg.a(lib_a-init.o)
                0x000000000800038c                __libc_init_array
 .text.startup.register_fini
                0x00000000080003d4       0x14 /opt/gcc-arm-none-eabi-7-2018-q2-update-linux/gcc-arm-none-eabi-7-2018-q2-update/bin/../lib/gcc/arm-none-eabi/7.3.1/../../../../arm-none-eabi/lib/thumb/v7-m/libg.a(lib_a-__call_atexit.o)
 .text.atexit   0x00000000080003e8        0xc /opt/gcc-arm-none-eabi-7-2018-q2-update-linux/gcc-arm-none-eabi-7-2018-q2-update/bin/../lib/gcc/arm-none-eabi/7.3.1/../../../../arm-none-eabi/lib/thumb/v7-m/libg.a(lib_a-atexit.o)
                0x00000000080003e8                atexit
 .text.__libc_fini_array
                0x00000000080003f4       0x34 /opt/gcc-arm-none-eabi-7-2018-q2-update-linux/gcc-arm-none-eabi-7-2018-q2-update/bin/../lib/gcc/arm-none-eabi/7.3.1/../../../../arm-none-eabi/lib/thumb/v7-m/libg.a(lib_a-fini.o)
                0x00000000080003f4                __libc_fini_array
 .text.__retarget_lock_acquire_recursive
                0x0000000008000428        0x4 /opt/gcc-arm-none-eabi-7-2018-q2-update-linux/gcc-arm-none-eabi-7-2018-q2-update/bin/../lib/gcc/arm-none-eabi/7.3.1/../../../../arm-none-eabi/lib/thumb/v7-m/libg.a(lib_a-lock.o)
                0x0000000008000428                __retarget_lock_acquire_recursive
 .text.__retarget_lock_release_recursive
                0x000000000800042c        0x4 /opt/gcc-arm-none-eabi-7-2018-q2-update-linux/gcc-arm-none-eabi-7-2018-q2-update/bin/../lib/gcc/arm-none-eabi/7.3.1/../../../../arm-none-eabi/lib/thumb/v7-m/libg.a(lib_a-lock.o)
                0x000000000800042c                __retarget_lock_release_recursive
 .text.__register_exitproc
                0x0000000008000430       0xc0 /opt/gcc-arm-none-eabi-7-2018-q2-update-linux/gcc-arm-none-eabi-7-2018-q2-update/bin/../lib/gcc/arm-none-eabi/7.3.1/../../../../arm-none-eabi/lib/thumb/v7-m/libg.a(lib_a-__atexit.o)
                0x0000000008000430                __register_exitproc
 *(.glue_7)
 .glue_7        0x00000000080004f0        0x0 linker stubs
 *(.glue_7t)
 .glue_7t       0x00000000080004f0        0x0 linker stubs
 *(.eh_frame)
 .eh_frame      0x00000000080004f0        0x0 /opt/gcc-arm-none-eabi-7-2018-q2-update-linux/gcc-arm-none-eabi-7-2018-q2-update/bin/../lib/gcc/arm-none-eabi/7.3.1/thumb/v7-m/crtbegin.o
 *(.init)
 .init          0x00000000080004f0        0x4 /opt/gcc-arm-none-eabi-7-2018-q2-update-linux/gcc-arm-none-eabi-7-2018-q2-update/bin/../lib/gcc/arm-none-eabi/7.3.1/thumb/v7-m/crti.o
                0x00000000080004f0                _init
 .init          0x00000000080004f4        0x8 /opt/gcc-arm-none-eabi-7-2018-q2-update-linux/gcc-arm-none-eabi-7-2018-q2-update/bin/../lib/gcc/arm-none-eabi/7.3.1/thumb/v7-m/crtn.o
 *(.fini)
 .fini          0x00000000080004fc        0x4 /opt/gcc-arm-none-eabi-7-2018-q2-update-linux/gcc-arm-none-eabi-7-2018-q2-update/bin/../lib/gcc/arm-none-eabi/7.3.1/thumb/v7-m/crti.o
                0x00000000080004fc                _fini
 .fini          0x0000000008000500        0x8 /opt/gcc-arm-none-eabi-7-2018-q2-update-linux/gcc-arm-none-eabi-7-2018-q2-update/bin/../lib/gcc/arm-none-eabi/7.3.1/thumb/v7-m/crtn.o
                0x0000000008000508                . = ALIGN (0x4)
                0x0000000008000508                _etext = .

.vfp11_veneer   0x0000000008000508        0x0
 .vfp11_veneer  0x0000000008000508        0x0 linker stubs

.v4_bx          0x0000000008000508        0x0
 .v4_bx         0x0000000008000508        0x0 linker stubs

.iplt           0x0000000008000508        0x0
 .iplt          0x0000000008000508        0x0 /opt/gcc-arm-none-eabi-7-2018-q2-update-linux/gcc-arm-none-eabi-7-2018-q2-update/bin/../lib/gcc/arm-none-eabi/7.3.1/thumb/v7-m/crtbegin.o

.rodata         0x0000000008000508        0x4
                0x0000000008000508                . = ALIGN (0x4)
 *(.rodata)
 *(.rodata*)
 .rodata._global_impure_ptr
                0x0000000008000508        0x4 /opt/gcc-arm-none-eabi-7-2018-q2-update-linux/gcc-arm-none-eabi-7-2018-q2-update/bin/../lib/gcc/arm-none-eabi/7.3.1/../../../../arm-none-eabi/lib/thumb/v7-m/libg.a(lib_a-impure.o)
                0x0000000008000508                _global_impure_ptr
                0x000000000800050c                . = ALIGN (0x4)

.rel.dyn        0x000000000800050c        0x0
 .rel.iplt      0x000000000800050c        0x0 /opt/gcc-arm-none-eabi-7-2018-q2-update-linux/gcc-arm-none-eabi-7-2018-q2-update/bin/../lib/gcc/arm-none-eabi/7.3.1/thumb/v7-m/crtbegin.o

.ARM.extab
 *(.ARM.extab* .gnu.linkonce.armextab.*)

.ARM            0x000000000800050c        0x0
                0x000000000800050c                __exidx_start = .
 *(.ARM.exidx*)
                0x000000000800050c                __exidx_end = .

.preinit_array  0x000000000800050c        0x0
                0x000000000800050c                PROVIDE (__preinit_array_start = .)
 *(.preinit_array*)
                0x000000000800050c                PROVIDE (__preinit_array_end = .)

.init_array     0x000000000800050c        0x8
                0x000000000800050c                PROVIDE (__init_array_start = .)
 *(SORT_BY_NAME(.init_array.*))
 .init_array.00000
                0x000000000800050c        0x4 /opt/gcc-arm-none-eabi-7-2018-q2-update-linux/gcc-arm-none-eabi-7-2018-q2-update/bin/../lib/gcc/arm-none-eabi/7.3.1/../../../../arm-none-eabi/lib/thumb/v7-m/libg.a(lib_a-__call_atexit.o)
 *(.init_array*)
 .init_array    0x0000000008000510        0x4 /opt/gcc-arm-none-eabi-7-2018-q2-update-linux/gcc-arm-none-eabi-7-2018-q2-update/bin/../lib/gcc/arm-none-eabi/7.3.1/thumb/v7-m/crtbegin.o
                0x0000000008000514                PROVIDE (__init_array_end = .)

.fini_array     0x0000000008000514        0x4
                0x0000000008000514                PROVIDE (__fini_array_start = .)
 *(SORT_BY_NAME(.fini_array.*))
 *(.fini_array*)
 .fini_array    0x0000000008000514        0x4 /opt/gcc-arm-none-eabi-7-2018-q2-update-linux/gcc-arm-none-eabi-7-2018-q2-update/bin/../lib/gcc/arm-none-eabi/7.3.1/thumb/v7-m/crtbegin.o
                0x0000000008000518                PROVIDE (__fini_array_end = .)
                0x0000000008000518                _sidata = LOADADDR (.data)

.data           0x0000000020000000      0x42c load address 0x0000000008000518
                0x0000000020000000                . = ALIGN (0x4)
                0x0000000020000000                _sdata = .
 *(.data)
 *(.data*)
 .data.impure_data
                0x0000000020000000      0x428 /opt/gcc-arm-none-eabi-7-2018-q2-update-linux/gcc-arm-none-eabi-7-2018-q2-update/bin/../lib/gcc/arm-none-eabi/7.3.1/../../../../arm-none-eabi/lib/thumb/v7-m/libg.a(lib_a-impure.o)
 .data.__atexit_recursive_mutex
                0x0000000020000428        0x4 /opt/gcc-arm-none-eabi-7-2018-q2-update-linux/gcc-arm-none-eabi-7-2018-q2-update/bin/../lib/gcc/arm-none-eabi/7.3.1/../../../../arm-none-eabi/lib/thumb/v7-m/libg.a(lib_a-__call_atexit.o)
                0x0000000020000428                __atexit_recursive_mutex
                0x000000002000042c                . = ALIGN (0x4)
                0x000000002000042c                _edata = .

.igot.plt       0x000000002000042c        0x0 load address 0x0000000008000944
 .igot.plt      0x000000002000042c        0x0 /opt/gcc-arm-none-eabi-7-2018-q2-update-linux/gcc-arm-none-eabi-7-2018-q2-update/bin/../lib/gcc/arm-none-eabi/7.3.1/thumb/v7-m/crtbegin.o
                0x000000002000042c                . = ALIGN (0x4)

.bss            0x000000002000042c       0x40 load address 0x0000000008000944
                0x000000002000042c                _sbss = .
                0x000000002000042c                __bss_start__ = _sbss
 *(.bss)
 .bss           0x000000002000042c       0x1c /opt/gcc-arm-none-eabi-7-2018-q2-update-linux/gcc-arm-none-eabi-7-2018-q2-update/bin/../lib/gcc/arm-none-eabi/7.3.1/thumb/v7-m/crtbegin.o
 *(.bss*)
 *(COMMON)
 COMMON         0x0000000020000448       0x21 /opt/gcc-arm-none-eabi-7-2018-q2-update-linux/gcc-arm-none-eabi-7-2018-q2-update/bin/../lib/gcc/arm-none-eabi/7.3.1/../../../../arm-none-eabi/lib/thumb/v7-m/libg.a(lib_a-lock.o)
                0x0000000020000448                __lock___atexit_recursive_mutex
                0x000000002000044c                __lock___arc4random_mutex
                0x0000000020000450                __lock___env_recursive_mutex
                0x0000000020000454                __lock___sinit_recursive_mutex
                0x0000000020000458                __lock___malloc_recursive_mutex
                0x000000002000045c                __lock___at_quick_exit_mutex
                0x0000000020000460                __lock___dd_hash_mutex
                0x0000000020000464                __lock___tz_mutex
                0x0000000020000468                __lock___sfp_recursive_mutex
                0x000000002000046c                . = ALIGN (0x4)
 *fill*         0x0000000020000469        0x3 
                0x000000002000046c                _ebss = .
                0x000000002000046c                __bss_end__ = _ebss

._user_heap_stack
                0x000000002000046c      0x600 load address 0x0000000008000944
                0x000000002000046c                . = ALIGN (0x4)
                [!provide]                        PROVIDE (end = .)
                [!provide]                        PROVIDE (_end = .)
                0x000000002000066c                . = (. + _Min_Heap_Size)
 *fill*         0x000000002000046c      0x200 
                0x0000000020000a6c                . = (. + _Min_Stack_Size)
 *fill*         0x000000002000066c      0x400 
                0x0000000020000a6c                . = ALIGN (0x4)

/DISCARD/
 libc.a(*)
 libm.a(*)
 libgcc.a(*)

.ARM.attributes
                0x0000000000000000       0x2f
 *(.ARM.attributes)
 .ARM.attributes
                0x0000000000000000       0x1d /opt/gcc-arm-none-eabi-7-2018-q2-update-linux/gcc-arm-none-eabi-7-2018-q2-update/bin/../lib/gcc/arm-none-eabi/7.3.1/thumb/v7-m/crti.o
 .ARM.attributes
                0x000000000000001d       0x2d /opt/gcc-arm-none-eabi-7-2018-q2-update-linux/gcc-arm-none-eabi-7-2018-q2-update/bin/../lib/gcc/arm-none-eabi/7.3.1/thumb/v7-m/crtbegin.o
 .ARM.attributes
                0x000000000000004a       0x33 ./user/main.o
 .ARM.attributes
                0x000000000000007d       0x33 ./user/stm32f4xx_it.o
 .ARM.attributes
                0x00000000000000b0       0x21 ./startup/startup_stm32f411xe.o
 .ARM.attributes
                0x00000000000000d1       0x33 ./cmsis/system_stm32f4xx.o
 .ARM.attributes
                0x0000000000000104       0x2d /opt/gcc-arm-none-eabi-7-2018-q2-update-linux/gcc-arm-none-eabi-7-2018-q2-update/bin/../lib/gcc/arm-none-eabi/7.3.1/../../../../arm-none-eabi/lib/thumb/v7-m/libg.a(lib_a-impure.o)
 .ARM.attributes
                0x0000000000000131       0x2d /opt/gcc-arm-none-eabi-7-2018-q2-update-linux/gcc-arm-none-eabi-7-2018-q2-update/bin/../lib/gcc/arm-none-eabi/7.3.1/../../../../arm-none-eabi/lib/thumb/v7-m/libg.a(lib_a-init.o)
 .ARM.attributes
                0x000000000000015e       0x2d /opt/gcc-arm-none-eabi-7-2018-q2-update-linux/gcc-arm-none-eabi-7-2018-q2-update/bin/../lib/gcc/arm-none-eabi/7.3.1/../../../../arm-none-eabi/lib/thumb/v7-m/libg.a(lib_a-__call_atexit.o)
 .ARM.attributes
                0x000000000000018b       0x2d /opt/gcc-arm-none-eabi-7-2018-q2-update-linux/gcc-arm-none-eabi-7-2018-q2-update/bin/../lib/gcc/arm-none-eabi/7.3.1/../../../../arm-none-eabi/lib/thumb/v7-m/libg.a(lib_a-atexit.o)
 .ARM.attributes
                0x00000000000001b8       0x2d /opt/gcc-arm-none-eabi-7-2018-q2-update-linux/gcc-arm-none-eabi-7-2018-q2-update/bin/../lib/gcc/arm-none-eabi/7.3.1/../../../../arm-none-eabi/lib/thumb/v7-m/libg.a(lib_a-fini.o)
 .ARM.attributes
                0x00000000000001e5       0x2d /opt/gcc-arm-none-eabi-7-2018-q2-update-linux/gcc-arm-none-eabi-7-2018-q2-update/bin/../lib/gcc/arm-none-eabi/7.3.1/../../../../arm-none-eabi/lib/thumb/v7-m/libg.a(lib_a-lock.o)
 .ARM.attributes
                0x0000000000000212       0x2d /opt/gcc-arm-none-eabi-7-2018-q2-update-linux/gcc-arm-none-eabi-7-2018-q2-update/bin/../lib/gcc/arm-none-eabi/7.3.1/../../../../arm-none-eabi/lib/thumb/v7-m/libg.a(lib_a-__atexit.o)
 .ARM.attributes
                0x000000000000023f       0x1d /opt/gcc-arm-none-eabi-7-2018-q2-update-linux/gcc-arm-none-eabi-7-2018-q2-update/bin/../lib/gcc/arm-none-eabi/7.3.1/thumb/v7-m/crtn.o
OUTPUT(stm32f4xx.elf elf32-littlearm)

.debug_info     0x0000000000000000      0x777
 .debug_info    0x0000000000000000       0x46 ./user/main.o
 .debug_info    0x0000000000000046      0x151 ./user/stm32f4xx_it.o
 .debug_info    0x0000000000000197       0x22 ./startup/startup_stm32f411xe.o
 .debug_info    0x00000000000001b9      0x5be ./cmsis/system_stm32f4xx.o

.debug_abbrev   0x0000000000000000      0x201
 .debug_abbrev  0x0000000000000000       0x3c ./user/main.o
 .debug_abbrev  0x000000000000003c       0x7b ./user/stm32f4xx_it.o
 .debug_abbrev  0x00000000000000b7       0x12 ./startup/startup_stm32f411xe.o
 .debug_abbrev  0x00000000000000c9      0x138 ./cmsis/system_stm32f4xx.o

.debug_aranges  0x0000000000000000       0xd8
 .debug_aranges
                0x0000000000000000       0x20 ./user/main.o
 .debug_aranges
                0x0000000000000020       0x60 ./user/stm32f4xx_it.o
 .debug_aranges
                0x0000000000000080       0x28 ./startup/startup_stm32f411xe.o
 .debug_aranges
                0x00000000000000a8       0x30 ./cmsis/system_stm32f4xx.o

.debug_ranges   0x0000000000000000       0xa0
 .debug_ranges  0x0000000000000000       0x10 ./user/main.o
 .debug_ranges  0x0000000000000010       0x50 ./user/stm32f4xx_it.o
 .debug_ranges  0x0000000000000060       0x20 ./startup/startup_stm32f411xe.o
 .debug_ranges  0x0000000000000080       0x20 ./cmsis/system_stm32f4xx.o

.debug_macro    0x0000000000000000     0xd423
 .debug_macro   0x0000000000000000       0x11 ./user/main.o
 .debug_macro   0x0000000000000011      0xa4e ./user/main.o
 .debug_macro   0x0000000000000a5f      0x18b ./user/stm32f4xx_it.o
 .debug_macro   0x0000000000000bea       0x65 ./user/stm32f4xx_it.o
 .debug_macro   0x0000000000000c4f       0x3b ./user/stm32f4xx_it.o
 .debug_macro   0x0000000000000c8a       0x22 ./user/stm32f4xx_it.o
 .debug_macro   0x0000000000000cac       0x8e ./user/stm32f4xx_it.o
 .debug_macro   0x0000000000000d3a       0x51 ./user/stm32f4xx_it.o
 .debug_macro   0x0000000000000d8b       0xef ./user/stm32f4xx_it.o
 .debug_macro   0x0000000000000e7a       0x6a ./user/stm32f4xx_it.o
 .debug_macro   0x0000000000000ee4      0x1df ./user/stm32f4xx_it.o
 .debug_macro   0x00000000000010c3       0x34 ./user/stm32f4xx_it.o
 .debug_macro   0x00000000000010f7       0x26 ./user/stm32f4xx_it.o
 .debug_macro   0x000000000000111d      0xe43 ./user/stm32f4xx_it.o
 .debug_macro   0x0000000000001f60     0x7fd9 ./user/stm32f4xx_it.o
 .debug_macro   0x0000000000009f39      0x44f ./user/stm32f4xx_it.o
 .debug_macro   0x000000000000a388       0xb2 ./user/stm32f4xx_it.o
 .debug_macro   0x000000000000a43a      0x477 ./user/stm32f4xx_it.o
 .debug_macro   0x000000000000a8b1       0xb5 ./user/stm32f4xx_it.o
 .debug_macro   0x000000000000a966      0x41c ./user/stm32f4xx_it.o
 .debug_macro   0x000000000000ad82      0x2f4 ./user/stm32f4xx_it.o
 .debug_macro   0x000000000000b076      0x2ba ./user/stm32f4xx_it.o
 .debug_macro   0x000000000000b330       0x64 ./user/stm32f4xx_it.o
 .debug_macro   0x000000000000b394       0xee ./user/stm32f4xx_it.o
 .debug_macro   0x000000000000b482      0x64a ./user/stm32f4xx_it.o
 .debug_macro   0x000000000000bacc      0x59e ./user/stm32f4xx_it.o
 .debug_macro   0x000000000000c06a      0x342 ./user/stm32f4xx_it.o
 .debug_macro   0x000000000000c3ac      0x36c ./user/stm32f4xx_it.o
 .debug_macro   0x000000000000c718      0x10d ./user/stm32f4xx_it.o
 .debug_macro   0x000000000000c825      0x73b ./user/stm32f4xx_it.o
 .debug_macro   0x000000000000cf60      0x223 ./user/stm32f4xx_it.o
 .debug_macro   0x000000000000d183       0x34 ./user/stm32f4xx_it.o
 .debug_macro   0x000000000000d1b7       0x82 ./user/stm32f4xx_it.o
 .debug_macro   0x000000000000d239       0x10 ./user/stm32f4xx_it.o
 .debug_macro   0x000000000000d249       0x35 ./user/stm32f4xx_it.o
 .debug_macro   0x000000000000d27e      0x1a5 ./cmsis/system_stm32f4xx.o

.debug_line     0x0000000000000000      0xbe0
 .debug_line    0x0000000000000000       0x3e ./user/main.o
 .debug_line    0x000000000000003e      0x5ad ./user/stm32f4xx_it.o
 .debug_line    0x00000000000005eb       0x7f ./startup/startup_stm32f411xe.o
 .debug_line    0x000000000000066a      0x576 ./cmsis/system_stm32f4xx.o

.debug_str      0x0000000000000000    0x530b7
 .debug_str     0x0000000000000000     0x2cae ./user/main.o
 .debug_str     0x0000000000002cae    0x50187 ./user/stm32f4xx_it.o
                                      0x52fb6 (size before relaxing)
 .debug_str     0x0000000000052e35       0x2f ./startup/startup_stm32f411xe.o
                                         0x5f (size before relaxing)
 .debug_str     0x0000000000052e64      0x253 ./cmsis/system_stm32f4xx.o
                                      0x53162 (size before relaxing)

.comment        0x0000000000000000       0x7f
 .comment       0x0000000000000000       0x7f ./user/main.o
                                         0x80 (size before relaxing)
 .comment       0x000000000000007f       0x80 ./user/stm32f4xx_it.o
 .comment       0x000000000000007f       0x80 ./cmsis/system_stm32f4xx.o

.debug_frame    0x0000000000000000      0x374
 .debug_frame   0x0000000000000000       0x30 ./user/main.o
 .debug_frame   0x0000000000000030      0x110 ./user/stm32f4xx_it.o
 .debug_frame   0x0000000000000140       0x74 ./cmsis/system_stm32f4xx.o
 .debug_frame   0x00000000000001b4       0x2c /opt/gcc-arm-none-eabi-7-2018-q2-update-linux/gcc-arm-none-eabi-7-2018-q2-update/bin/../lib/gcc/arm-none-eabi/7.3.1/../../../../arm-none-eabi/lib/thumb/v7-m/libg.a(lib_a-init.o)
 .debug_frame   0x00000000000001e0       0x5c /opt/gcc-arm-none-eabi-7-2018-q2-update-linux/gcc-arm-none-eabi-7-2018-q2-update/bin/../lib/gcc/arm-none-eabi/7.3.1/../../../../arm-none-eabi/lib/thumb/v7-m/libg.a(lib_a-__call_atexit.o)
 .debug_frame   0x000000000000023c       0x20 /opt/gcc-arm-none-eabi-7-2018-q2-update-linux/gcc-arm-none-eabi-7-2018-q2-update/bin/../lib/gcc/arm-none-eabi/7.3.1/../../../../arm-none-eabi/lib/thumb/v7-m/libg.a(lib_a-atexit.o)
 .debug_frame   0x000000000000025c       0x34 /opt/gcc-arm-none-eabi-7-2018-q2-update-linux/gcc-arm-none-eabi-7-2018-q2-update/bin/../lib/gcc/arm-none-eabi/7.3.1/../../../../arm-none-eabi/lib/thumb/v7-m/libg.a(lib_a-fini.o)
 .debug_frame   0x0000000000000290       0xb0 /opt/gcc-arm-none-eabi-7-2018-q2-update-linux/gcc-arm-none-eabi-7-2018-q2-update/bin/../lib/gcc/arm-none-eabi/7.3.1/../../../../arm-none-eabi/lib/thumb/v7-m/libg.a(lib_a-lock.o)
 .debug_frame   0x0000000000000340       0x34 /opt/gcc-arm-none-eabi-7-2018-q2-update-linux/gcc-arm-none-eabi-7-2018-q2-update/bin/../lib/gcc/arm-none-eabi/7.3.1/../../../../arm-none-eabi/lib/thumb/v7-m/libg.a(lib_a-__atexit.o)
